#-----------------------------------------------------------
# Vivado v2017.2 (64-bit)
# SW Build 1909853 on Thu Jun 15 18:39:10 MDT 2017
# IP Build 1909766 on Thu Jun 15 19:58:00 MDT 2017
# Start of session at: Thu Jan  4 15:53:15 2018
# Process ID: 10937
# Current directory: /media/nipun/789CB1599CB1131C/Nipun Pruthi/Study/IITR/vivado/files/tristateBuffer
# Command line: vivado
# Log file: /media/nipun/789CB1599CB1131C/Nipun Pruthi/Study/IITR/vivado/files/tristateBuffer/vivado.log
# Journal file: /media/nipun/789CB1599CB1131C/Nipun Pruthi/Study/IITR/vivado/files/tristateBuffer/vivado.jou
#-----------------------------------------------------------
start_gui
open_project {/media/nipun/789CB1599CB1131C/Nipun Pruthi/Study/IITR/vivado/vivado projects/itsNeverLate/itsNeverLate.xpr}
update_compile_order -fileset sources_1
remove_files  {{/media/nipun/789CB1599CB1131C/Nipun Pruthi/Study/IITR/vivado/files/adder/4bit_adder.v}}
remove_files  -fileset sim_1 {{/media/nipun/789CB1599CB1131C/Nipun Pruthi/Study/IITR/vivado/files/adder/testbench.v}}
remove_files  {{/media/nipun/789CB1599CB1131C/Nipun Pruthi/Study/IITR/vivado/files/adder/full_adder.v}}
add_files -norecurse {{/media/nipun/789CB1599CB1131C/Nipun Pruthi/Study/IITR/vivado/files/tristateBuffer/tristateBuffer.v}}
synth_design -rtl -name rtl_1
launch_runs synth_1 -jobs 2
wait_on_run synth_1
reset_run synth_1
launch_runs impl_1 -jobs 2
wait_on_run impl_1
close_design
open_run synth_1 -name synth_1
close_design
open_run impl_1
remove_files  {{/media/nipun/789CB1599CB1131C/Nipun Pruthi/Study/IITR/vivado/files/tristateBuffer/tristateBuffer.v}}
add_files -norecurse {{/media/nipun/789CB1599CB1131C/Nipun Pruthi/Study/IITR/vivado/files/mux/mux2.v}}
synth_design -rtl -name rtl_1
add_files -norecurse {{/media/nipun/789CB1599CB1131C/Nipun Pruthi/Study/IITR/vivado/files/mux/mux4.v}}
update_compile_order -fileset sources_1
update_compile_order -fileset sources_1
synth_design -rtl -name rtl_2
refresh_design
