#-----------------------------------------------------------
# Vivado v2017.2 (64-bit)
# SW Build 1909853 on Thu Jun 15 18:39:10 MDT 2017
# IP Build 1909766 on Thu Jun 15 19:58:00 MDT 2017
# Start of session at: Thu Jan  4 16:44:11 2018
# Process ID: 14291
# Current directory: /media/nipun/789CB1599CB1131C/Nipun Pruthi/Study/IITR/vivado/files/tristateBuffer
# Command line: vivado
# Log file: /media/nipun/789CB1599CB1131C/Nipun Pruthi/Study/IITR/vivado/files/tristateBuffer/vivado.log
# Journal file: /media/nipun/789CB1599CB1131C/Nipun Pruthi/Study/IITR/vivado/files/tristateBuffer/vivado.jou
#-----------------------------------------------------------
start_gui
open_project {/media/nipun/789CB1599CB1131C/Nipun Pruthi/Study/IITR/vivado/vivado projects/itsNeverLate/itsNeverLate.xpr}
update_compile_order -fileset sources_1
synth_design -rtl -name rtl_1
remove_files  {{/media/nipun/789CB1599CB1131C/Nipun Pruthi/Study/IITR/vivado/files/mux/mux2.v}}
remove_files  {{/media/nipun/789CB1599CB1131C/Nipun Pruthi/Study/IITR/vivado/files/mux/mux4.v}}
add_files -norecurse {{/media/nipun/789CB1599CB1131C/Nipun Pruthi/Study/IITR/vivado/files/mux/tristateBuffer.v} {/media/nipun/789CB1599CB1131C/Nipun Pruthi/Study/IITR/vivado/files/mux/muxTristate.v} {/media/nipun/789CB1599CB1131C/Nipun Pruthi/Study/IITR/vivado/files/mux/mux4.v}}
update_compile_order -fileset sources_1
update_compile_order -fileset sources_1
remove_files  {{/media/nipun/789CB1599CB1131C/Nipun Pruthi/Study/IITR/vivado/files/mux/mux4.v}}
update_compile_order -fileset sources_1
update_files -from_files {{/media/nipun/789CB1599CB1131C/Nipun Pruthi/Study/IITR/vivado/files/mux/mux2Tristate.v}} -to_files {{/media/nipun/789CB1599CB1131C/Nipun Pruthi/Study/IITR/vivado/files/mux/muxTristate.v}} -filesets [get_filesets *]
update_compile_order -fileset sources_1
add_files -norecurse {{/media/nipun/789CB1599CB1131C/Nipun Pruthi/Study/IITR/vivado/files/mux/tristateBuffer.v} {/media/nipun/789CB1599CB1131C/Nipun Pruthi/Study/IITR/vivado/files/mux/mux2Tristate.v} {/media/nipun/789CB1599CB1131C/Nipun Pruthi/Study/IITR/vivado/files/mux/mux4.v}}
update_compile_order -fileset sources_1
update_compile_order -fileset sources_1
synth_design -rtl -name rtl_2
current_design rtl_1
current_design rtl_2
close_design
close_design
update_files -from_files {{/media/nipun/789CB1599CB1131C/Nipun Pruthi/Study/IITR/vivado/files/mux/tristateBuffer.v}} -to_files {{/media/nipun/789CB1599CB1131C/Nipun Pruthi/Study/IITR/vivado/files/mux/tristateBuffer.v}} -filesets [get_filesets *]
synth_design -rtl -name rtl_1
