#-----------------------------------------------------------
# Vivado v2017.2 (64-bit)
# SW Build 1909853 on Thu Jun 15 18:39:10 MDT 2017
# IP Build 1909766 on Thu Jun 15 19:58:00 MDT 2017
# Start of session at: Fri Jan  5 16:47:10 2018
# Process ID: 13653
# Current directory: /media/nipun/789CB1599CB1131C/Nipun Pruthi/Study/IITR/vivado/files/understanding/sevensegmentdisplay
# Command line: vivado
# Log file: /media/nipun/789CB1599CB1131C/Nipun Pruthi/Study/IITR/vivado/files/understanding/sevensegmentdisplay/vivado.log
# Journal file: /media/nipun/789CB1599CB1131C/Nipun Pruthi/Study/IITR/vivado/files/understanding/sevensegmentdisplay/vivado.jou
#-----------------------------------------------------------
start_gui
open_project {/media/nipun/789CB1599CB1131C/Nipun Pruthi/Study/IITR/vivado/vivado projects/itsNeverLate/itsNeverLate.xpr}
update_compile_order -fileset sources_1
set_property is_enabled false [get_files  {{/media/nipun/789CB1599CB1131C/Nipun Pruthi/Study/IITR/vivado/files/understanding/priority_encoder/pri_encoder.v}}]
set_property is_enabled true [get_files  {{/media/nipun/789CB1599CB1131C/Nipun Pruthi/Study/IITR/vivado/files/understanding/priority_encoder/pri_encoder.v}}]
synth_design -rtl -name rtl_1
remove_files  {{/media/nipun/789CB1599CB1131C/Nipun Pruthi/Study/IITR/vivado/files/understanding/priority_encoder/pri_encoder.v}}
add_files -norecurse {{/media/nipun/789CB1599CB1131C/Nipun Pruthi/Study/IITR/vivado/files/understanding/priority_encoder/pri_encoder_casez.v}}
refresh_design
